2026-03-28 19:32:33,616 - INFO - 已处理 0 只股票
2026-03-28 19:32:38,516 - INFO - 已处理 50 只股票
2026-03-28 19:32:44,096 - INFO - 已处理 100 只股票
2026-03-28 19:32:50,440 - INFO - 已处理 150 只股票
2026-03-28 19:32:55,657 - INFO - 已处理 200 只股票
2026-03-28 19:33:01,715 - INFO - 已处理 250 只股票
2026-03-28 19:33:07,030 - INFO - 已处理 300 只股票
2026-03-28 19:33:12,484 - INFO - 已处理 350 只股票
2026-03-28 19:33:18,415 - INFO - 已处理 400 只股票
2026-03-28 19:33:23,733 - INFO - 已处理 450 只股票
2026-03-28 19:33:33,907 - INFO - 已处理 500 只股票
2026-03-28 19:33:39,174 - INFO - 已处理 550 只股票
2026-03-28 19:33:45,141 - INFO - 已处理 600 只股票
2026-03-28 19:33:50,687 - INFO - 已处理 650 只股票
2026-03-28 19:33:56,337 - INFO - 已处理 700 只股票
2026-03-28 19:34:02,287 - INFO - 已处理 750 只股票
2026-03-28 19:34:07,837 - INFO - 已处理 800 只股票
2026-03-28 19:34:13,824 - INFO - 已处理 850 只股票
2026-03-28 19:34:18,937 - INFO - 已处理 900 只股票
2026-03-28 19:34:25,098 - INFO - 已处理 950 只股票
2026-03-28 19:34:30,499 - INFO - 已处理 1000 只股票
2026-03-28 19:34:36,155 - INFO - 已处理 1050 只股票
2026-03-28 19:34:41,345 - INFO - 已处理 1100 只股票
2026-03-28 19:34:47,328 - INFO - 已处理 1150 只股票
2026-03-28 19:34:52,999 - INFO - 已处理 1200 只股票
2026-03-28 19:34:58,684 - INFO - 已处理 1250 只股票
2026-03-28 19:35:04,433 - INFO - 已处理 1300 只股票
2026-03-28 19:35:09,803 - INFO - 已处理 1350 只股票
2026-03-28 19:35:34,271 - INFO - 已处理 1400 只股票
2026-03-28 19:35:34,867 - INFO - 已处理 1450 只股票
2026-03-28 19:35:35,456 - INFO - 已处理 1500 只股票
2026-03-28 19:35:36,000 - INFO - 已处理 1550 只股票
2026-03-28 19:35:36,541 - INFO - 已处理 1600 只股票
2026-03-28 19:35:37,076 - INFO - 已处理 1650 只股票
2026-03-28 19:35:37,619 - INFO - 已处理 1700 只股票
2026-03-28 19:35:38,153 - INFO - 已处理 1750 只股票
2026-03-28 19:35:38,686 - INFO - 已处理 1800 只股票
2026-03-28 19:35:39,249 - INFO - 已处理 1850 只股票
2026-03-28 19:35:39,784 - INFO - 已处理 1900 只股票
2026-03-28 19:35:40,321 - INFO - 已处理 1950 只股票
2026-03-28 19:35:40,863 - INFO - 已处理 2000 只股票
2026-03-28 19:35:41,405 - INFO - 已处理 2050 只股票
2026-03-28 19:35:41,953 - INFO - 已处理 2100 只股票
2026-03-28 19:35:42,496 - INFO - 已处理 2150 只股票
2026-03-28 19:35:43,033 - INFO - 已处理 2200 只股票
2026-03-28 19:35:43,567 - INFO - 已处理 2250 只股票
2026-03-28 19:35:44,104 - INFO - 已处理 2300 只股票
2026-03-28 19:35:44,641 - INFO - 已处理 2350 只股票
2026-03-28 19:35:45,182 - INFO - 已处理 2400 只股票
2026-03-28 19:35:45,742 - INFO - 已处理 2450 只股票
2026-03-28 19:35:46,285 - INFO - 已处理 2500 只股票
2026-03-28 19:35:46,831 - INFO - 已处理 2550 只股票
2026-03-28 19:35:47,383 - INFO - 已处理 2600 只股票
2026-03-28 19:35:47,917 - INFO - 已处理 2650 只股票
2026-03-28 19:35:48,477 - INFO - 已处理 2700 只股票
2026-03-28 19:35:49,030 - INFO - 已处理 2750 只股票
2026-03-28 19:35:49,578 - INFO - 已处理 2800 只股票
2026-03-28 19:35:50,120 - INFO - 已处理 2850 只股票
2026-03-28 19:35:50,734 - INFO - 已处理 2900 只股票
2026-03-28 19:35:51,281 - INFO - 已处理 2950 只股票
2026-03-28 19:35:51,886 - INFO - 已处理 3000 只股票
2026-03-28 19:35:52,435 - INFO - 已处理 3050 只股票
2026-03-28 19:35:52,963 - INFO - 已处理 3100 只股票
2026-03-28 19:35:53,511 - INFO - 已处理 3150 只股票
2026-03-28 19:35:54,046 - INFO - 已处理 3200 只股票
2026-03-28 19:35:54,597 - INFO - 已处理 3250 只股票
2026-03-28 19:35:55,153 - INFO - 已处理 3300 只股票
2026-03-28 19:35:55,706 - INFO - 已处理 3350 只股票
2026-03-28 19:35:56,239 - INFO - 已处理 3400 只股票
2026-03-28 19:35:56,771 - INFO - 已处理 3450 只股票
2026-03-28 19:35:57,303 - INFO - 已处理 3500 只股票
2026-03-28 19:35:57,839 - INFO - 已处理 3550 只股票
2026-03-28 19:35:58,383 - INFO - 已处理 3600 只股票
2026-03-28 19:35:58,936 - INFO - 已处理 3650 只股票
2026-03-28 19:35:59,493 - INFO - 已处理 3700 只股票
2026-03-28 19:36:00,031 - INFO - 已处理 3750 只股票
2026-03-28 19:36:00,576 - INFO - 已处理 3800 只股票
2026-03-28 19:36:01,186 - INFO - 已处理 3850 只股票
2026-03-28 19:36:01,817 - INFO - 已处理 3900 只股票
2026-03-28 19:36:02,405 - INFO - 已处理 3950 只股票
2026-03-28 19:36:02,948 - INFO - 已处理 4000 只股票
2026-03-28 19:36:03,525 - INFO - 已处理 4050 只股票
2026-03-28 19:36:04,066 - INFO - 已处理 4100 只股票
2026-03-28 19:36:04,608 - INFO - 已处理 4150 只股票
2026-03-28 19:36:05,143 - INFO - 已处理 4200 只股票
2026-03-28 19:36:05,685 - INFO - 已处理 4250 只股票
2026-03-28 19:36:06,304 - INFO - 已处理 4300 只股票
2026-03-28 19:36:06,852 - INFO - 已处理 4350 只股票
2026-03-28 19:36:07,381 - INFO - 已处理 4400 只股票
2026-03-28 19:36:07,930 - INFO - 已处理 4450 只股票
2026-03-28 19:36:08,465 - INFO - 已处理 4500 只股票
2026-03-28 19:36:09,016 - INFO - 已处理 4550 只股票
2026-03-28 19:36:09,554 - INFO - 已处理 4600 只股票
2026-03-28 19:36:10,115 - INFO - 已处理 4650 只股票
2026-03-28 19:36:10,650 - INFO - 已处理 4700 只股票
2026-03-28 19:36:11,184 - INFO - 已处理 4750 只股票
2026-03-28 19:36:11,717 - INFO - 已处理 4800 只股票
2026-03-28 19:36:12,269 - INFO - 已处理 4850 只股票
2026-03-28 19:36:12,798 - INFO - 已处理 4900 只股票
2026-03-28 19:36:13,338 - INFO - 已处理 4950 只股票
2026-03-28 19:36:13,887 - INFO - 已处理 5000 只股票
2026-03-28 19:36:14,481 - INFO - 已处理 5050 只股票
2026-03-28 19:36:15,013 - INFO - 已处理 5100 只股票
2026-03-28 19:36:15,570 - INFO - 已处理 5150 只股票
2026-03-28 19:36:16,111 - INFO - 已处理 5200 只股票
2026-03-28 19:36:16,641 - INFO - 已处理 5250 只股票
2026-03-28 19:36:17,175 - INFO - 已处理 5300 只股票
2026-03-28 19:36:17,707 - INFO - 已处理 5350 只股票
2026-03-28 19:36:18,265 - INFO - 已处理 5400 只股票
2026-03-28 19:36:18,829 - INFO - 已处理 5450 只股票
2026-03-28 19:40:58,712 - INFO - 已处理 0 只股票
2026-03-28 19:41:03,550 - INFO - 已处理 50 只股票
2026-03-28 19:41:09,895 - INFO - 已处理 100 只股票
2026-03-28 19:41:15,141 - INFO - 已处理 150 只股票
2026-03-28 19:41:20,810 - INFO - 已处理 200 只股票
2026-03-28 19:41:26,657 - INFO - 已处理 250 只股票
2026-03-28 19:41:32,111 - INFO - 已处理 300 只股票
2026-03-28 19:41:37,774 - INFO - 已处理 350 只股票
2026-03-28 19:41:42,926 - INFO - 已处理 400 只股票
2026-03-28 19:41:48,862 - INFO - 已处理 450 只股票
2026-03-28 19:41:54,245 - INFO - 已处理 500 只股票
2026-03-28 19:42:00,097 - INFO - 已处理 550 只股票
2026-03-28 19:42:05,584 - INFO - 已处理 600 只股票
2026-03-28 19:42:10,971 - INFO - 已处理 650 只股票
2026-03-28 19:42:17,054 - INFO - 已处理 700 只股票
2026-03-28 19:42:21,925 - INFO - 已处理 750 只股票
2026-03-28 19:42:28,028 - INFO - 已处理 800 只股票
2026-03-28 19:42:33,093 - INFO - 已处理 850 只股票
2026-03-28 19:42:38,904 - INFO - 已处理 900 只股票
2026-03-28 19:42:44,138 - INFO - 已处理 950 只股票
2026-03-28 19:42:50,109 - INFO - 已处理 1000 只股票
2026-03-28 19:42:55,638 - INFO - 已处理 1050 只股票
2026-03-28 19:43:01,972 - INFO - 已处理 1100 只股票
2026-03-28 19:43:07,062 - INFO - 已处理 1150 只股票
2026-03-28 19:43:12,898 - INFO - 已处理 1200 只股票
2026-03-28 19:43:18,338 - INFO - 已处理 1250 只股票
2026-03-28 19:43:23,469 - INFO - 已处理 1300 只股票
2026-03-28 19:43:29,116 - INFO - 已处理 1350 只股票
2026-03-28 19:43:34,470 - INFO - 已处理 1400 只股票
2026-03-28 19:43:40,181 - INFO - 已处理 1450 只股票
2026-03-28 19:43:45,880 - INFO - 已处理 1500 只股票
2026-03-28 19:43:50,937 - INFO - 已处理 1550 只股票
2026-03-28 19:43:56,915 - INFO - 已处理 1600 只股票
2026-03-28 19:44:01,965 - INFO - 已处理 1650 只股票
2026-03-28 19:44:08,063 - INFO - 已处理 1700 只股票
2026-03-28 19:44:13,028 - INFO - 已处理 1750 只股票
2026-03-28 19:44:18,579 - INFO - 已处理 1800 只股票
2026-03-28 19:44:24,205 - INFO - 已处理 1850 只股票
2026-03-28 19:44:29,799 - INFO - 已处理 1900 只股票
2026-03-28 19:44:34,928 - INFO - 已处理 1950 只股票
2026-03-28 19:44:40,847 - INFO - 已处理 2000 只股票
2026-03-28 19:44:46,081 - INFO - 已处理 2050 只股票
2026-03-28 19:44:51,743 - INFO - 已处理 2100 只股票
2026-03-28 19:44:57,075 - INFO - 已处理 2150 只股票
2026-03-28 19:45:02,904 - INFO - 已处理 2200 只股票
2026-03-28 19:45:08,030 - INFO - 已处理 2250 只股票
2026-03-28 19:45:13,775 - INFO - 已处理 2300 只股票
2026-03-28 19:45:19,108 - INFO - 已处理 2350 只股票
2026-03-28 19:45:25,343 - INFO - 已处理 2400 只股票
2026-03-28 19:45:30,891 - INFO - 已处理 2450 只股票
2026-03-28 19:45:36,393 - INFO - 已处理 2500 只股票
2026-03-28 19:45:41,864 - INFO - 已处理 2550 只股票
2026-03-28 19:45:47,827 - INFO - 已处理 2600 只股票
2026-03-28 19:45:52,791 - INFO - 已处理 2650 只股票
2026-03-28 19:45:58,712 - INFO - 已处理 2700 只股票
2026-03-28 19:46:03,461 - INFO - 已处理 2750 只股票
2026-03-28 19:46:09,583 - INFO - 已处理 2800 只股票
2026-03-28 19:46:14,701 - INFO - 已处理 2850 只股票
2026-03-28 19:46:20,171 - INFO - 已处理 2900 只股票
2026-03-28 19:46:25,661 - INFO - 已处理 2950 只股票
2026-03-28 19:46:30,760 - INFO - 已处理 3000 只股票
2026-03-28 19:46:36,576 - INFO - 已处理 3050 只股票
2026-03-28 19:46:41,871 - INFO - 已处理 3100 只股票
2026-03-28 19:46:47,487 - INFO - 已处理 3150 只股票
2026-03-28 19:46:53,241 - INFO - 已处理 3200 只股票
2026-03-28 19:46:58,085 - INFO - 已处理 3250 只股票
2026-03-28 19:47:04,013 - INFO - 已处理 3300 只股票
2026-03-28 19:47:09,378 - INFO - 已处理 3350 只股票
2026-03-28 19:47:15,005 - INFO - 已处理 3400 只股票
2026-03-28 19:47:20,603 - INFO - 已处理 3450 只股票
2026-03-28 19:47:25,788 - INFO - 已处理 3500 只股票
2026-03-28 19:47:31,767 - INFO - 已处理 3550 只股票
2026-03-28 19:47:37,216 - INFO - 已处理 3600 只股票
2026-03-28 19:47:42,966 - INFO - 已处理 3650 只股票
2026-03-28 19:47:48,983 - INFO - 已处理 3700 只股票
2026-03-28 19:47:54,295 - INFO - 已处理 3750 只股票
2026-03-28 19:48:00,004 - INFO - 已处理 3800 只股票
2026-03-28 19:48:05,501 - INFO - 已处理 3850 只股票
2026-03-28 19:48:11,109 - INFO - 已处理 3900 只股票
2026-03-28 19:48:16,415 - INFO - 已处理 3950 只股票
2026-03-28 19:48:21,921 - INFO - 已处理 4000 只股票
2026-03-28 19:48:27,420 - INFO - 已处理 4050 只股票
2026-03-28 19:48:32,555 - INFO - 已处理 4100 只股票
2026-03-28 19:48:38,470 - INFO - 已处理 4150 只股票
2026-03-28 19:48:43,690 - INFO - 已处理 4200 只股票
2026-03-28 19:48:49,617 - INFO - 已处理 4250 只股票
2026-03-28 19:48:55,621 - INFO - 已处理 4300 只股票
2026-03-28 19:49:01,039 - INFO - 已处理 4350 只股票
2026-03-28 19:49:07,028 - INFO - 已处理 4400 只股票
2026-03-28 19:49:12,315 - INFO - 已处理 4450 只股票
2026-03-28 19:49:17,888 - INFO - 已处理 4500 只股票
2026-03-28 19:49:23,513 - INFO - 已处理 4550 只股票
2026-03-28 19:49:28,706 - INFO - 已处理 4600 只股票
2026-03-28 19:49:34,501 - INFO - 已处理 4650 只股票
2026-03-28 19:49:39,979 - INFO - 已处理 4700 只股票
2026-03-28 19:49:45,832 - INFO - 已处理 4750 只股票
2026-03-28 19:49:51,798 - INFO - 已处理 4800 只股票
2026-03-28 19:49:56,907 - INFO - 已处理 4850 只股票
2026-03-28 19:50:02,470 - INFO - 已处理 4900 只股票
2026-03-28 19:50:07,973 - INFO - 已处理 4950 只股票
2026-03-28 19:50:13,881 - INFO - 已处理 5000 只股票
2026-03-28 19:50:18,881 - INFO - 已处理 5050 只股票
2026-03-28 19:50:24,661 - INFO - 已处理 5100 只股票
2026-03-28 19:50:29,784 - INFO - 已处理 5150 只股票
2026-03-28 19:50:35,371 - INFO - 已处理 5200 只股票
2026-03-28 19:50:40,953 - INFO - 已处理 5250 只股票
2026-03-28 19:50:46,486 - INFO - 已处理 5300 只股票
2026-03-28 19:50:52,898 - INFO - 已处理 5350 只股票
2026-03-28 19:50:57,853 - INFO - 已处理 5400 只股票
2026-03-28 19:51:03,706 - INFO - 已处理 5450 只股票
2026-03-28 19:57:37,877 - INFO - Total stocks in market: 5492
2026-03-28 19:57:40,113 - INFO - Processed 0 stocks
2026-03-28 19:57:45,343 - INFO - Processed 50 stocks
2026-03-28 19:57:50,422 - INFO - Processed 100 stocks
2026-03-28 19:57:56,332 - INFO - Processed 150 stocks
2026-03-28 19:58:01,593 - INFO - Processed 200 stocks
2026-03-28 19:58:07,350 - INFO - Processed 250 stocks
2026-03-28 19:58:12,961 - INFO - Processed 300 stocks
2026-03-28 19:58:18,710 - INFO - Processed 350 stocks
2026-03-28 19:58:24,956 - INFO - Processed 400 stocks
2026-03-28 19:58:30,336 - INFO - Processed 450 stocks
2026-03-28 19:58:43,666 - INFO - Processed 500 stocks
2026-03-28 19:58:51,634 - INFO - Processed 550 stocks
2026-03-28 19:59:02,280 - INFO - Processed 600 stocks
2026-03-28 19:59:07,344 - INFO - Processed 650 stocks
2026-03-28 19:59:12,780 - INFO - Processed 700 stocks
2026-03-28 19:59:18,330 - INFO - Processed 750 stocks
2026-03-28 19:59:23,590 - INFO - Processed 800 stocks
2026-03-28 19:59:29,256 - INFO - Processed 850 stocks
2026-03-28 19:59:34,609 - INFO - Processed 900 stocks
2026-03-28 19:59:39,943 - INFO - Processed 950 stocks
2026-03-28 19:59:45,819 - INFO - Processed 1000 stocks
2026-03-28 20:00:04,694 - INFO - Processed 1050 stocks
2026-03-28 20:00:11,422 - INFO - Processed 1100 stocks
2026-03-28 20:00:17,143 - INFO - Processed 1150 stocks
2026-03-28 20:00:22,783 - INFO - Processed 1200 stocks
2026-03-28 20:00:28,464 - INFO - Processed 1250 stocks
2026-03-28 20:00:34,237 - INFO - Processed 1300 stocks
2026-03-28 20:00:40,447 - INFO - Processed 1350 stocks
2026-03-28 20:00:45,311 - INFO - Processed 1400 stocks
2026-03-28 20:00:51,443 - INFO - Processed 1450 stocks
2026-03-28 20:00:57,779 - INFO - Processed 1500 stocks
2026-03-28 20:01:08,751 - INFO - Processed 1550 stocks
2026-03-28 20:01:14,746 - INFO - Processed 1600 stocks
2026-03-28 20:01:20,590 - INFO - Processed 1650 stocks
2026-03-28 20:01:26,292 - INFO - Processed 1700 stocks
2026-03-28 20:01:31,524 - INFO - Processed 1750 stocks
2026-03-28 20:01:37,076 - INFO - Processed 1800 stocks
2026-03-28 20:01:43,066 - INFO - Processed 1850 stocks
2026-03-28 20:01:48,197 - INFO - Processed 1900 stocks
2026-03-28 20:01:53,990 - INFO - Processed 1950 stocks
2026-03-28 20:01:59,291 - INFO - Processed 2000 stocks
2026-03-28 20:02:04,768 - INFO - Processed 2050 stocks
2026-03-28 20:02:10,592 - INFO - Processed 2100 stocks
2026-03-28 20:02:15,710 - INFO - Processed 2150 stocks
2026-03-28 20:02:21,965 - INFO - Processed 2200 stocks
2026-03-28 20:02:27,015 - INFO - Processed 2250 stocks
2026-03-28 20:02:33,256 - INFO - Processed 2300 stocks
2026-03-28 20:02:38,656 - INFO - Processed 2350 stocks
2026-03-28 20:02:43,947 - INFO - Processed 2400 stocks
2026-03-28 20:02:49,791 - INFO - Processed 2450 stocks
2026-03-28 20:02:55,766 - INFO - Processed 2500 stocks
2026-03-28 20:03:00,710 - INFO - Processed 2550 stocks
2026-03-28 20:03:06,199 - INFO - Processed 2600 stocks
2026-03-28 20:03:11,775 - INFO - Processed 2650 stocks
2026-03-28 20:03:17,530 - INFO - Processed 2700 stocks
2026-03-28 20:03:23,323 - INFO - Processed 2750 stocks
2026-03-28 20:03:28,266 - INFO - Processed 2800 stocks
2026-03-28 20:03:34,135 - INFO - Processed 2850 stocks
2026-03-28 20:03:39,732 - INFO - Processed 2900 stocks
2026-03-28 20:03:45,644 - INFO - Processed 2950 stocks
2026-03-28 20:03:50,735 - INFO - Processed 3000 stocks
2026-03-28 20:03:56,512 - INFO - Processed 3050 stocks
2026-03-28 20:04:01,965 - INFO - Processed 3100 stocks
2026-03-28 20:04:07,367 - INFO - Processed 3150 stocks
2026-03-28 20:04:13,046 - INFO - Processed 3200 stocks
2026-03-28 20:04:18,561 - INFO - Processed 3250 stocks
2026-03-28 20:04:24,187 - INFO - Processed 3300 stocks
2026-03-28 20:04:29,870 - INFO - Processed 3350 stocks
2026-03-28 20:04:35,022 - INFO - Processed 3400 stocks
2026-03-28 20:04:40,960 - INFO - Processed 3450 stocks
2026-03-28 20:04:45,904 - INFO - Processed 3500 stocks
2026-03-28 20:04:52,212 - INFO - Processed 3550 stocks
2026-03-28 20:04:56,865 - INFO - Processed 3600 stocks
2026-03-28 20:05:03,092 - INFO - Processed 3650 stocks
2026-03-28 20:05:08,011 - INFO - Processed 3700 stocks
2026-03-28 20:05:13,565 - INFO - Processed 3750 stocks
2026-03-28 20:05:19,408 - INFO - Processed 3800 stocks
2026-03-28 20:05:24,399 - INFO - Processed 3850 stocks
2026-03-28 20:05:30,201 - INFO - Processed 3900 stocks
2026-03-28 20:05:35,374 - INFO - Processed 3950 stocks
2026-03-28 20:05:41,162 - INFO - Processed 4000 stocks
2026-03-28 20:05:46,613 - INFO - Processed 4050 stocks
2026-03-28 20:05:51,983 - INFO - Processed 4100 stocks
2026-03-28 20:05:57,947 - INFO - Processed 4150 stocks
2026-03-28 20:06:02,783 - INFO - Processed 4200 stocks
2026-03-28 20:06:08,535 - INFO - Processed 4250 stocks
2026-03-28 20:06:13,956 - INFO - Processed 4300 stocks
2026-03-28 20:06:19,219 - INFO - Processed 4350 stocks
2026-03-28 20:06:24,868 - INFO - Processed 4400 stocks
2026-03-28 20:06:30,343 - INFO - Processed 4450 stocks
2026-03-28 20:06:35,905 - INFO - Processed 4500 stocks
2026-03-28 20:06:41,489 - INFO - Processed 4550 stocks
2026-03-28 20:06:46,719 - INFO - Processed 4600 stocks
2026-03-28 20:06:52,279 - INFO - Processed 4650 stocks
2026-03-28 20:06:57,920 - INFO - Processed 4700 stocks
2026-03-28 20:07:03,283 - INFO - Processed 4750 stocks
2026-03-28 20:07:08,984 - INFO - Processed 4800 stocks
2026-03-28 20:07:14,310 - INFO - Processed 4850 stocks
2026-03-28 20:07:19,843 - INFO - Processed 4900 stocks
2026-03-28 20:07:25,155 - INFO - Processed 4950 stocks
2026-03-28 20:07:30,866 - INFO - Processed 5000 stocks
2026-03-28 20:07:36,046 - INFO - Processed 5050 stocks
2026-03-28 20:07:41,988 - INFO - Processed 5100 stocks
2026-03-28 20:07:47,405 - INFO - Processed 5150 stocks
2026-03-28 20:07:52,737 - INFO - Processed 5200 stocks
2026-03-28 20:07:58,524 - INFO - Processed 5250 stocks
2026-03-28 20:08:04,314 - INFO - Processed 5300 stocks
2026-03-28 20:08:09,624 - INFO - Processed 5350 stocks
2026-03-28 20:08:15,266 - INFO - Processed 5400 stocks
2026-03-28 20:08:20,667 - INFO - Processed 5450 stocks
2026-03-28 20:56:27,048 - INFO - Total stocks in market: 5492
2026-03-28 20:56:29,619 - INFO - Processed 0 stocks
2026-03-28 20:56:34,366 - INFO - Processed 50 stocks
2026-03-28 20:56:40,508 - INFO - Processed 100 stocks
2026-03-28 20:56:45,676 - INFO - Processed 150 stocks
2026-03-28 20:56:50,893 - INFO - Processed 200 stocks
2026-03-28 20:56:56,954 - INFO - Processed 250 stocks
2026-03-28 20:57:01,994 - INFO - Processed 300 stocks
2026-03-28 20:57:08,221 - INFO - Processed 350 stocks
2026-03-28 20:57:13,492 - INFO - Processed 400 stocks
2026-03-28 20:57:19,362 - INFO - Processed 450 stocks
2026-03-28 20:57:24,659 - INFO - Processed 500 stocks
2026-03-28 20:57:30,298 - INFO - Processed 550 stocks
2026-03-28 20:57:35,834 - INFO - Processed 600 stocks
2026-03-28 20:57:41,894 - INFO - Processed 650 stocks
2026-03-28 20:57:47,193 - INFO - Processed 700 stocks
2026-03-28 20:57:52,415 - INFO - Processed 750 stocks
2026-03-28 20:57:58,510 - INFO - Processed 800 stocks
2026-03-28 20:58:03,895 - INFO - Processed 850 stocks
2026-03-28 20:58:09,494 - INFO - Processed 900 stocks
2026-03-28 20:58:15,117 - INFO - Processed 950 stocks
2026-03-28 20:58:20,716 - INFO - Processed 1000 stocks
2026-03-28 20:58:26,061 - INFO - Processed 1050 stocks
2026-03-28 20:58:31,814 - INFO - Processed 1100 stocks
2026-03-28 20:58:37,143 - INFO - Processed 1150 stocks
2026-03-28 20:58:43,116 - INFO - Processed 1200 stocks
2026-03-28 20:58:48,482 - INFO - Processed 1250 stocks
2026-03-28 20:58:54,103 - INFO - Processed 1300 stocks
2026-03-28 20:58:59,842 - INFO - Processed 1350 stocks
2026-03-28 20:59:05,340 - INFO - Processed 1400 stocks
2026-03-28 20:59:10,884 - INFO - Processed 1450 stocks
2026-03-28 20:59:16,550 - INFO - Processed 1500 stocks
2026-03-28 20:59:22,057 - INFO - Processed 1550 stocks
2026-03-28 20:59:27,591 - INFO - Processed 1600 stocks
2026-03-28 20:59:33,145 - INFO - Processed 1650 stocks
2026-03-28 20:59:38,695 - INFO - Processed 1700 stocks
2026-03-28 20:59:44,439 - INFO - Processed 1750 stocks
2026-03-28 20:59:49,810 - INFO - Processed 1800 stocks
2026-03-28 20:59:55,694 - INFO - Processed 1850 stocks
2026-03-28 21:00:00,842 - INFO - Processed 1900 stocks
2026-03-28 21:00:06,926 - INFO - Processed 1950 stocks
2026-03-28 21:00:12,139 - INFO - Processed 2000 stocks
2026-03-28 21:00:17,995 - INFO - Processed 2050 stocks
2026-03-28 21:00:23,356 - INFO - Processed 2100 stocks
2026-03-28 21:00:29,166 - INFO - Processed 2150 stocks
2026-03-28 21:00:34,571 - INFO - Processed 2200 stocks
2026-03-28 21:00:40,285 - INFO - Processed 2250 stocks
2026-03-28 21:00:46,173 - INFO - Processed 2300 stocks
2026-03-28 21:00:51,477 - INFO - Processed 2350 stocks
2026-03-28 21:00:57,316 - INFO - Processed 2400 stocks
2026-03-28 21:01:02,842 - INFO - Processed 2450 stocks
2026-03-28 21:01:08,954 - INFO - Processed 2500 stocks
2026-03-28 21:01:14,444 - INFO - Processed 2550 stocks
2026-03-28 21:01:20,142 - INFO - Processed 2600 stocks
2026-03-28 21:01:25,696 - INFO - Processed 2650 stocks
2026-03-28 21:01:31,278 - INFO - Processed 2700 stocks
2026-03-28 21:01:36,829 - INFO - Processed 2750 stocks
2026-03-28 21:01:42,779 - INFO - Processed 2800 stocks
2026-03-28 21:01:47,878 - INFO - Processed 2850 stocks
2026-03-28 21:01:54,003 - INFO - Processed 2900 stocks
2026-03-28 21:01:59,701 - INFO - Processed 2950 stocks
2026-03-28 21:02:05,333 - INFO - Processed 3000 stocks
2026-03-28 21:02:11,176 - INFO - Processed 3050 stocks
2026-03-28 21:02:16,322 - INFO - Processed 3100 stocks
2026-03-28 21:02:22,134 - INFO - Processed 3150 stocks
2026-03-28 21:02:27,422 - INFO - Processed 3200 stocks
2026-03-28 21:02:33,242 - INFO - Processed 3250 stocks
2026-03-28 21:02:38,463 - INFO - Processed 3300 stocks
2026-03-28 21:02:44,281 - INFO - Processed 3350 stocks
2026-03-28 21:02:49,703 - INFO - Processed 3400 stocks
2026-03-28 21:02:55,803 - INFO - Processed 3450 stocks
2026-03-28 21:03:01,347 - INFO - Processed 3500 stocks
2026-03-28 21:03:06,963 - INFO - Processed 3550 stocks
2026-03-28 21:03:12,810 - INFO - Processed 3600 stocks
2026-03-28 21:03:17,862 - INFO - Processed 3650 stocks
2026-03-28 21:03:23,755 - INFO - Processed 3700 stocks
2026-03-28 21:03:28,941 - INFO - Processed 3750 stocks
2026-03-28 21:03:34,962 - INFO - Processed 3800 stocks
2026-03-28 21:03:40,221 - INFO - Processed 3850 stocks
2026-03-28 21:03:46,259 - INFO - Processed 3900 stocks
2026-03-28 21:03:51,416 - INFO - Processed 3950 stocks
2026-03-28 21:03:57,672 - INFO - Processed 4000 stocks
2026-03-28 21:04:03,301 - INFO - Processed 4050 stocks
2026-03-28 21:04:08,883 - INFO - Processed 4100 stocks
2026-03-28 21:04:14,482 - INFO - Processed 4150 stocks
2026-03-28 21:04:19,589 - INFO - Processed 4200 stocks
2026-03-28 21:04:25,562 - INFO - Processed 4250 stocks
2026-03-28 21:04:30,864 - INFO - Processed 4300 stocks
2026-03-28 21:04:36,424 - INFO - Processed 4350 stocks
2026-03-28 21:04:42,181 - INFO - Processed 4400 stocks
2026-03-28 21:04:47,479 - INFO - Processed 4450 stocks
2026-03-28 21:04:53,103 - INFO - Processed 4500 stocks
2026-03-28 21:04:59,329 - INFO - Processed 4550 stocks
2026-03-28 21:05:05,072 - INFO - Processed 4600 stocks
2026-03-28 21:05:10,545 - INFO - Processed 4650 stocks
2026-03-28 21:05:15,897 - INFO - Processed 4700 stocks
2026-03-28 21:05:21,448 - INFO - Processed 4750 stocks
2026-03-28 21:05:27,160 - INFO - Processed 4800 stocks
2026-03-28 21:05:32,521 - INFO - Processed 4850 stocks
2026-03-28 21:05:38,158 - INFO - Processed 4900 stocks
2026-03-28 21:05:43,548 - INFO - Processed 4950 stocks
2026-03-28 21:05:49,203 - INFO - Processed 5000 stocks
2026-03-28 21:05:55,016 - INFO - Processed 5050 stocks
2026-03-28 21:06:01,088 - INFO - Processed 5100 stocks
2026-03-28 21:06:06,425 - INFO - Processed 5150 stocks
2026-03-28 21:06:12,204 - INFO - Processed 5200 stocks
2026-03-28 21:06:17,325 - INFO - Processed 5250 stocks
2026-03-28 21:06:23,397 - INFO - Processed 5300 stocks
2026-03-28 21:06:28,723 - INFO - Processed 5350 stocks
2026-03-28 21:06:34,274 - INFO - Processed 5400 stocks
2026-03-28 21:06:39,690 - INFO - Processed 5450 stocks
2026-03-28 21:12:54,157 - INFO - Total stocks in market: 5492
2026-03-28 21:12:56,262 - INFO - Processed 0 stocks
2026-03-28 21:13:01,149 - INFO - Processed 50 stocks
2026-03-28 21:13:07,913 - INFO - Processed 100 stocks
2026-03-28 21:13:22,529 - INFO - Processed 150 stocks
2026-03-28 21:13:27,291 - INFO - Processed 200 stocks
2026-03-28 21:13:33,751 - INFO - Processed 250 stocks
2026-03-28 21:13:38,646 - INFO - Processed 300 stocks
2026-03-28 21:13:44,635 - INFO - Processed 350 stocks
2026-03-28 21:13:53,359 - INFO - Processed 400 stocks
2026-03-28 21:13:58,350 - INFO - Processed 450 stocks
2026-03-28 21:14:04,838 - INFO - Processed 500 stocks
2026-03-28 21:14:09,895 - INFO - Processed 550 stocks
2026-03-28 21:14:17,579 - INFO - Processed 600 stocks
2026-03-28 21:14:24,004 - INFO - Processed 650 stocks
2026-03-28 21:14:28,926 - INFO - Processed 700 stocks
2026-03-28 21:14:35,165 - INFO - Processed 750 stocks
2026-03-28 21:14:40,317 - INFO - Processed 800 stocks
2026-03-28 21:14:46,423 - INFO - Processed 850 stocks
2026-03-28 21:14:51,526 - INFO - Processed 900 stocks
2026-03-28 21:14:57,591 - INFO - Processed 950 stocks
2026-03-28 21:15:03,039 - INFO - Processed 1000 stocks
2026-03-28 21:15:08,818 - INFO - Processed 1050 stocks
2026-03-28 21:15:14,001 - INFO - Processed 1100 stocks
2026-03-28 21:15:20,090 - INFO - Processed 1150 stocks
2026-03-28 21:15:25,449 - INFO - Processed 1200 stocks
2026-03-28 21:15:31,353 - INFO - Processed 1250 stocks
2026-03-28 21:15:36,842 - INFO - Processed 1300 stocks
2026-03-28 21:15:42,833 - INFO - Processed 1350 stocks
2026-03-28 21:15:48,057 - INFO - Processed 1400 stocks
2026-03-28 21:15:54,521 - INFO - Processed 1450 stocks
2026-03-28 21:16:00,395 - INFO - Processed 1500 stocks
2026-03-28 21:16:05,121 - INFO - Processed 1550 stocks
2026-03-28 21:16:11,217 - INFO - Processed 1600 stocks
2026-03-28 21:16:16,572 - INFO - Processed 1650 stocks
2026-03-28 21:16:22,545 - INFO - Processed 1700 stocks
2026-03-28 21:16:28,051 - INFO - Processed 1750 stocks
2026-03-28 21:16:33,999 - INFO - Processed 1800 stocks
2026-03-28 21:16:39,376 - INFO - Processed 1850 stocks
2026-03-28 21:16:45,415 - INFO - Processed 1900 stocks
2026-03-28 21:16:50,661 - INFO - Processed 1950 stocks
2026-03-28 21:16:56,504 - INFO - Processed 2000 stocks
2026-03-28 21:17:01,944 - INFO - Processed 2050 stocks
2026-03-28 21:17:07,516 - INFO - Processed 2100 stocks
2026-03-28 21:17:12,982 - INFO - Processed 2150 stocks
2026-03-28 21:17:18,840 - INFO - Processed 2200 stocks
2026-03-28 21:17:24,056 - INFO - Processed 2250 stocks
2026-03-28 21:17:29,976 - INFO - Processed 2300 stocks
2026-03-28 21:17:35,501 - INFO - Processed 2350 stocks
2026-03-28 21:17:41,102 - INFO - Processed 2400 stocks
2026-03-28 21:17:46,761 - INFO - Processed 2450 stocks
2026-03-28 21:17:52,144 - INFO - Processed 2500 stocks
2026-03-28 21:17:58,296 - INFO - Processed 2550 stocks
2026-03-28 21:18:04,256 - INFO - Processed 2600 stocks
2026-03-28 21:18:09,733 - INFO - Processed 2650 stocks
2026-03-28 21:18:15,060 - INFO - Processed 2700 stocks
2026-03-28 21:18:21,098 - INFO - Processed 2750 stocks
2026-03-28 21:18:26,099 - INFO - Processed 2800 stocks
2026-03-28 21:18:32,029 - INFO - Processed 2850 stocks
2026-03-28 21:18:37,388 - INFO - Processed 2900 stocks
2026-03-28 21:18:42,996 - INFO - Processed 2950 stocks
2026-03-28 21:18:48,524 - INFO - Processed 3000 stocks
2026-03-28 21:18:53,976 - INFO - Processed 3050 stocks
2026-03-28 21:19:00,458 - INFO - Processed 3100 stocks
2026-03-28 21:19:05,621 - INFO - Processed 3150 stocks
2026-03-28 21:19:11,493 - INFO - Processed 3200 stocks
2026-03-28 21:19:16,825 - INFO - Processed 3250 stocks
2026-03-28 21:19:22,505 - INFO - Processed 3300 stocks
2026-03-28 21:19:27,763 - INFO - Processed 3350 stocks
2026-03-28 21:19:33,579 - INFO - Processed 3400 stocks
2026-03-28 21:19:38,776 - INFO - Processed 3450 stocks
2026-03-28 21:19:44,665 - INFO - Processed 3500 stocks
2026-03-28 21:19:49,976 - INFO - Processed 3550 stocks
2026-03-28 21:19:56,094 - INFO - Processed 3600 stocks
2026-03-28 21:20:01,380 - INFO - Processed 3650 stocks
2026-03-28 21:20:07,732 - INFO - Processed 3700 stocks
2026-03-28 21:20:13,149 - INFO - Processed 3750 stocks
2026-03-28 21:20:18,816 - INFO - Processed 3800 stocks
2026-03-28 21:20:24,498 - INFO - Processed 3850 stocks
2026-03-28 21:20:30,296 - INFO - Processed 3900 stocks
2026-03-28 21:20:35,903 - INFO - Processed 3950 stocks
2026-03-28 21:20:41,739 - INFO - Processed 4000 stocks
2026-03-28 21:20:46,986 - INFO - Processed 4050 stocks
2026-03-28 21:20:52,756 - INFO - Processed 4100 stocks
2026-03-28 21:20:58,679 - INFO - Processed 4150 stocks
2026-03-28 21:21:04,581 - INFO - Processed 4200 stocks
2026-03-28 21:21:09,924 - INFO - Processed 4250 stocks
2026-03-28 21:21:15,860 - INFO - Processed 4300 stocks
2026-03-28 21:21:21,294 - INFO - Processed 4350 stocks
2026-03-28 21:21:26,975 - INFO - Processed 4400 stocks
2026-03-28 21:21:32,292 - INFO - Processed 4450 stocks
2026-03-28 21:21:37,679 - INFO - Processed 4500 stocks
2026-03-28 21:21:43,672 - INFO - Processed 4550 stocks
2026-03-28 21:21:48,860 - INFO - Processed 4600 stocks
2026-03-28 21:21:54,345 - INFO - Processed 4650 stocks
2026-03-28 21:22:00,589 - INFO - Processed 4700 stocks
2026-03-28 21:22:06,216 - INFO - Processed 4750 stocks
2026-03-28 21:22:12,020 - INFO - Processed 4800 stocks
2026-03-28 21:22:17,311 - INFO - Processed 4850 stocks
2026-03-28 21:22:22,976 - INFO - Processed 4900 stocks
2026-03-28 21:22:28,248 - INFO - Processed 4950 stocks
2026-03-28 21:22:34,119 - INFO - Processed 5000 stocks
2026-03-28 21:22:39,579 - INFO - Processed 5050 stocks
2026-03-28 21:22:44,861 - INFO - Processed 5100 stocks
2026-03-28 21:22:50,696 - INFO - Processed 5150 stocks
2026-03-28 21:22:56,215 - INFO - Processed 5200 stocks
2026-03-28 21:23:02,226 - INFO - Processed 5250 stocks
2026-03-28 21:23:07,941 - INFO - Processed 5300 stocks
2026-03-28 21:23:13,623 - INFO - Processed 5350 stocks
2026-03-28 21:23:19,143 - INFO - Processed 5400 stocks
2026-03-28 21:23:24,782 - INFO - Processed 5450 stocks
2026-03-28 21:23:28,323 - INFO - [OK] Filtered stocks: 0
2026-03-28 21:23:28,323 - INFO - [OK] Stock list: ...
2026-03-28 21:23:28,323 - ERROR - [ERR] ERROR: Not enough valid stocks (need at least 2)
2026-03-28 22:03:46,769 - INFO - STARTING FULL MARKET STRATEGY...
2026-03-28 22:04:26,627 - INFO - Total stocks in market: 5492
2026-03-28 22:04:30,070 - INFO - Processed 0 stocks
2026-03-28 22:04:46,879 - INFO - Processed 50 stocks
2026-03-28 22:05:04,131 - INFO - Processed 100 stocks
2026-03-28 22:05:21,793 - INFO - Processed 150 stocks
2026-03-28 22:05:39,450 - INFO - Processed 200 stocks
2026-03-28 22:05:56,690 - INFO - Processed 250 stocks
2026-03-28 22:06:13,733 - INFO - Processed 300 stocks
2026-03-28 22:06:30,587 - INFO - Processed 350 stocks
2026-03-28 22:06:47,167 - INFO - Processed 400 stocks
2026-03-28 22:07:04,196 - INFO - Processed 450 stocks
2026-03-28 22:07:21,903 - INFO - Processed 500 stocks
2026-03-28 22:07:39,406 - INFO - Processed 550 stocks
2026-03-28 22:07:57,019 - INFO - Processed 600 stocks
2026-03-28 22:08:14,412 - INFO - Processed 650 stocks
2026-03-28 22:08:31,270 - INFO - Processed 700 stocks
2026-03-28 22:08:48,248 - INFO - Processed 750 stocks
2026-03-28 22:09:05,154 - INFO - Processed 800 stocks
2026-03-28 22:09:22,579 - INFO - Processed 850 stocks
2026-03-28 22:09:40,321 - INFO - Processed 900 stocks
2026-03-28 22:09:57,524 - INFO - Processed 950 stocks
2026-03-28 22:10:14,986 - INFO - Processed 1000 stocks
2026-03-28 22:10:31,731 - INFO - Processed 1050 stocks
2026-03-28 22:10:48,897 - INFO - Processed 1100 stocks
2026-03-28 22:11:06,639 - INFO - Processed 1150 stocks
2026-03-28 22:11:23,620 - INFO - Processed 1200 stocks
2026-03-28 22:11:40,679 - INFO - Processed 1250 stocks
2026-03-28 22:11:57,676 - INFO - Processed 1300 stocks
2026-03-28 22:12:15,649 - INFO - Processed 1350 stocks
2026-03-28 22:12:32,511 - INFO - Processed 1400 stocks
2026-03-28 22:12:49,446 - INFO - Processed 1450 stocks
2026-03-28 22:13:06,388 - INFO - Processed 1500 stocks
2026-03-28 22:13:23,655 - INFO - Processed 1550 stocks
2026-03-28 22:13:40,316 - INFO - Processed 1600 stocks
2026-03-28 22:13:57,241 - INFO - Processed 1650 stocks
2026-03-28 22:14:14,172 - INFO - Processed 1700 stocks
2026-03-28 22:14:30,981 - INFO - Processed 1750 stocks
2026-03-28 22:14:47,595 - INFO - Processed 1800 stocks
2026-03-28 22:15:04,489 - INFO - Processed 1850 stocks
2026-03-28 22:15:21,673 - INFO - Processed 1900 stocks
2026-03-28 22:15:38,537 - INFO - Processed 1950 stocks
2026-03-28 22:15:55,477 - INFO - Processed 2000 stocks
2026-03-28 22:16:12,787 - INFO - Processed 2050 stocks
2026-03-28 22:16:29,539 - INFO - Processed 2100 stocks
2026-03-28 22:16:46,116 - INFO - Processed 2150 stocks
2026-03-28 22:17:03,054 - INFO - Processed 2200 stocks
2026-03-28 22:17:20,372 - INFO - Processed 2250 stocks
2026-03-28 22:17:36,928 - INFO - Processed 2300 stocks
2026-03-28 22:17:53,733 - INFO - Processed 2350 stocks
2026-03-28 22:18:11,015 - INFO - Processed 2400 stocks
2026-03-28 22:18:27,330 - INFO - Processed 2450 stocks
2026-03-28 22:18:44,751 - INFO - Processed 2500 stocks
2026-03-28 22:19:01,536 - INFO - Processed 2550 stocks
2026-03-28 22:19:18,492 - INFO - Processed 2600 stocks
2026-03-28 22:19:35,533 - INFO - Processed 2650 stocks
2026-03-28 22:19:52,490 - INFO - Processed 2700 stocks
2026-03-28 22:20:10,163 - INFO - Processed 2750 stocks
2026-03-28 22:20:27,266 - INFO - Processed 2800 stocks
2026-03-28 22:20:44,159 - INFO - Processed 2850 stocks
2026-03-28 22:21:00,939 - INFO - Processed 2900 stocks
2026-03-28 22:21:18,100 - INFO - Processed 2950 stocks
2026-03-28 22:21:35,319 - INFO - Processed 3000 stocks
2026-03-28 22:21:52,099 - INFO - Processed 3050 stocks
2026-03-28 22:22:08,786 - INFO - Processed 3100 stocks
2026-03-28 22:22:25,533 - INFO - Processed 3150 stocks
2026-03-28 22:22:42,652 - INFO - Processed 3200 stocks
2026-03-28 22:22:59,356 - INFO - Processed 3250 stocks
2026-03-28 22:30:56,287 - INFO - STARTING FULL MARKET STRATEGY...
2026-03-28 22:31:34,436 - INFO - Total stocks in market: 5492
2026-03-28 22:31:36,712 - INFO - Processed 0 stocks
2026-03-28 22:32:26,733 - INFO - Processed 50 stocks
2026-03-28 22:33:16,752 - INFO - Processed 100 stocks
2026-03-28 22:34:06,771 - INFO - Processed 150 stocks
2026-03-28 22:34:56,787 - INFO - Processed 200 stocks
2026-03-28 22:35:46,805 - INFO - Processed 250 stocks
2026-03-28 22:36:36,822 - INFO - Processed 300 stocks
2026-03-28 22:37:26,840 - INFO - Processed 350 stocks
2026-03-28 22:38:16,860 - INFO - Processed 400 stocks
2026-03-28 22:39:06,877 - INFO - Processed 450 stocks
2026-03-28 22:39:56,895 - INFO - Processed 500 stocks
2026-03-28 22:40:46,914 - INFO - Processed 550 stocks
2026-03-28 22:41:36,972 - INFO - Processed 600 stocks
2026-03-28 22:42:26,990 - INFO - Processed 650 stocks
2026-03-28 22:43:17,011 - INFO - Processed 700 stocks
2026-03-28 22:44:07,028 - INFO - Processed 750 stocks
2026-03-28 22:44:57,048 - INFO - Processed 800 stocks
2026-03-28 22:45:47,071 - INFO - Processed 850 stocks
2026-03-28 22:46:37,092 - INFO - Processed 900 stocks
2026-03-28 22:47:27,108 - INFO - Processed 950 stocks
2026-03-28 22:48:17,131 - INFO - Processed 1000 stocks
2026-03-28 22:49:07,150 - INFO - Processed 1050 stocks
2026-03-28 22:49:57,166 - INFO - Processed 1100 stocks
2026-03-28 22:50:47,185 - INFO - Processed 1150 stocks
2026-03-28 22:51:37,205 - INFO - Processed 1200 stocks
2026-03-28 22:52:27,227 - INFO - Processed 1250 stocks
2026-03-28 22:53:17,246 - INFO - Processed 1300 stocks
2026-03-28 22:54:07,265 - INFO - Processed 1350 stocks
2026-03-28 22:54:57,285 - INFO - Processed 1400 stocks
2026-03-28 22:55:47,304 - INFO - Processed 1450 stocks
